<html>
<body>
<pre>
<h1>礦ision Build Log</h1>
<h2>Tool Versions:</h2>
IDE-Version: μVision V5.21.1.0
Copyright (C) 2016 ARM Ltd and ARM Germany GmbH. All rights reserved.
License Information: michong AutoBVT, Microsoft, LIC=32BQD-8BXC9-2LWCT-RUZYG-RQ769-3M0GJ
 
Tool Versions:
Toolchain:       MDK-ARM Plus  Version: 5.21a
Toolchain Path:  C:\Keil_v5\ARM\ARMCC\Bin
C Compiler:      Armcc.exe V5.06 update 3 (build 300)
Assembler:       Armasm.exe V5.06 update 3 (build 300)
Linker/Locator:  ArmLink.exe V5.06 update 3 (build 300)
Library Manager: ArmAr.exe V5.06 update 3 (build 300)
Hex Converter:   FromElf.exe V5.06 update 3 (build 300)
CPU DLL:         SARMCM3.DLL V5.21a
Dialog DLL:      DARMSTM.DLL V1.66.0.1
Target DLL:      STLink\ST-LINKIII-KEIL_SWO.dll V2.0.18.0
Dialog DLL:      TARMSTM.DLL V1.65.0.0
 
<h2>Project:</h2>
C:\Users\Administrator\Desktop\嵌入式实训\LCD屏驱动\stm32.uvproj
Project File Date:  12/28/2016

<h2>Output:</h2>
*** Using Compiler 'V5.06 update 3 (build 300)', folder: 'C:\Keil_v5\ARM\ARMCC\Bin'
Build target 'stm'
compiling main.c...
usr\src\main.c(7): warning:  #177-D: variable "data" was declared but never referenced
  	int data;
usr\src\main.c(10): warning:  #177-D: variable "x" was declared but never referenced
  	int x,y;
usr\src\main.c(10): warning:  #177-D: variable "y" was declared but never referenced
  	int x,y;
usr\src\main.c: 3 warnings, 0 errors
linking...
Program Size: Code=8204 RO-data=336 RW-data=28 ZI-data=1636  
FromELF: creating hex file...
".\obj\stm32.axf" - 0 Error(s), 3 Warning(s).
Build Time Elapsed:  00:00:03
</pre>
</body>
</html>
